Лист1  Лист не найден в отчёте
Рост Типография   Лист не найден в отчёте
